WARNING: unknown option '--no-print'


R version 3.2.3 (2015-12-10) -- "Wooden Christmas-Tree"
Copyright (C) 2015 The R Foundation for Statistical Computing
Platform: x86_64-pc-linux-gnu (64-bit)

R is free software and comes with ABSOLUTELY NO WARRANTY.
You are welcome to redistribute it under certain conditions.
Type 'license()' or 'licence()' for distribution details.

  Natural language support but running in an English locale

R is a collaborative project with many contributors.
Type 'contributors()' for more information and
'citation()' on how to cite R or R packages in publications.

Type 'demo()' for some demos, 'help()' for on-line help, or
'help.start()' for an HTML browser interface to help.
Type 'q()' to quit R.

> options(STERM='iESS', str.dendrogram.last="'", editor='emacsclient', show.error.locations=TRUE)
> load("../data/noric_staging.Rd")
> ls()
[1] "AnP"  "AP"   "con"  "dblt" "dbq"  "dbsa" "FO"   "SO"   "SS"  
> table(AP$Sykehusnavn)

       Feiring      Haukeland Rikshospitalet      Sørlandet       St.Olavs            SUS        Ullevål            UNN 
          4557           9798           5743           5481           7371           4278           9203           8560 
> AP <- subset( AP , Sykehusnavn = "Ullevål" )
> #    SS <- subset( AP , Sykehusnavn = "Ullevål" )
> #    SO <- subset( AP , Sykehusnavn = "Ullevål" )
> SS <- subset( AP , Sykehusnavn = "Ullevål" )
> SO <- subset( AP , Sykehusnavn = "Ullevål" )
> ls()
[1] "AnP"  "AP"   "con"  "dblt" "dbq"  "dbsa" "FO"   "SO"   "SS"  
> load("../data/noric_staging.Rd")
>     AP <- subset( AP , Sykehusnavn = "Ullevål" )
>     SS <- subset( SS , Sykehusnavn = "Ullevål" )
>     SO <- subset( SO , Sykehusnavn = "Ullevål" )
>     FO <- subset( FO , Sykehusnavn = "Ullevål" )
>     AnP <- subset( AnP , Sykehusnavn = "Ullevål" )
> table(FO$Sykehusnavn)

Haukeland 
       67 
> table(AP$Sykehusnavn)

Akershus universitetssykehus HF                         Feiring                       Haukeland                  Rikshospitalet 
                            902                            6890                           18849                            8695 
                   S\xf8rlandet                        St. Olav                             SUS                      Ullev\xe5l 
                           6974                            9419                            5324                           11497 
                            UNN 
                          10514 
> table(AP$Sykehusnavn)

       Feiring      Haukeland Rikshospitalet      Sørlandet       St.Olavs            SUS        Ullevål            UNN 
          4557           9798           5743           5481           7371           4278           9203           8560 
> 